2026-04-23 17:36:02,559 | INFO | Loaded logger
2026-04-23 17:36:02,581 | INFO | 
Starting setup and imports
2026-04-23 17:36:16,926 | INFO | Imports OK
2026-04-23 17:36:17,151 | INFO | 
Setup and imports complete
2026-04-23 17:36:17,257 | INFO | 
Data files already present, skipping download and unzip
2026-04-23 17:36:17,261 | INFO | 
Data ready - downloaded and unzipped.
2026-04-23 17:36:17,425 | INFO | 
Device: cuda
2026-04-23 17:36:17,427 | INFO | Config: {'architecture': 'mobilenetv3_small', 'pretrained': True, 'freeze_bb': False, 'loss_fn': 'ce', 'augmentation': 'standard', 'img_size': 224, 'batch_size': 8, 'epochs': 30, 'lr': 0.0001, 'val_split': 0.2, 'patience': 10, 'seed': 42, 'classes': ['MEL', 'NV', 'BCC', 'AK', 'BKL', 'DF', 'VASC', 'SCC'], 'dropout': 0.2, 'min_delta': 0.001, 'num_classes': 8}
2026-04-23 17:36:17,443 | INFO | 
Seed set to 42
2026-04-23 17:36:17,944 | INFO | <class 'torchvision.models.mobilenetv3.MobileNetV3'>
2026-04-23 17:36:17,945 | INFO | 
Model loaded OK
2026-04-23 17:36:18,032 | INFO | 
Split complete: 
2026-04-23 17:36:18,035 | INFO | Train: 20264 | Val: 5067 | Test: 8238
2026-04-23 17:36:18,040 | INFO | 
Class frequencies:
2026-04-23 17:36:18,043 | INFO | 
TRAIN (20264 images):
2026-04-23 17:36:18,045 | INFO |   MEL   :  3618  (17.9%)
2026-04-23 17:36:18,046 | INFO |   NV    : 10300  (50.8%)
2026-04-23 17:36:18,046 | INFO |   BCC   :  2658  (13.1%)
2026-04-23 17:36:18,047 | INFO |   AK    :   694  ( 3.4%)
2026-04-23 17:36:18,048 | INFO |   BKL   :  2099  (10.4%)
2026-04-23 17:36:18,049 | INFO |   DF    :   191  ( 0.9%)
2026-04-23 17:36:18,049 | INFO |   VASC  :   202  ( 1.0%)
2026-04-23 17:36:18,050 | INFO |   SCC   :   502  ( 2.5%)
2026-04-23 17:36:18,051 | INFO | 
VAL (5067 images):
2026-04-23 17:36:18,052 | INFO |   MEL   :   904  (17.8%)
2026-04-23 17:36:18,053 | INFO |   NV    :  2575  (50.8%)
2026-04-23 17:36:18,053 | INFO |   BCC   :   665  (13.1%)
2026-04-23 17:36:18,054 | INFO |   AK    :   173  ( 3.4%)
2026-04-23 17:36:18,055 | INFO |   BKL   :   525  (10.4%)
2026-04-23 17:36:18,055 | INFO |   DF    :    48  ( 0.9%)
2026-04-23 17:36:18,056 | INFO |   VASC  :    51  ( 1.0%)
2026-04-23 17:36:18,057 | INFO |   SCC   :   126  ( 2.5%)
2026-04-23 17:36:18,060 | INFO | 
Subset — train: 20264, val: 5067, test: 8238
2026-04-23 17:36:18,062 | INFO | Working with 100.00% of data
2026-04-23 17:36:18,069 | INFO | 
Dataset loaders ready!
2026-04-23 17:36:18,079 | INFO | 
Class counts:
label
0     3618
1    10300
2     2658
3      694
4     2099
5      191
6      202
7      502
Name: count, dtype: int64
2026-04-23 17:36:18,079 | INFO | 
Total samples: 20264
2026-04-23 17:36:18,080 | INFO | Raw inverse weights: [2.76395799e-04 9.70873786e-05 3.76222724e-04 1.44092219e-03
 4.76417342e-04 5.23560209e-03 4.95049505e-03 1.99203187e-03]
2026-04-23 17:36:18,241 | INFO | Normalized class weights: tensor([0.1489, 0.0523, 0.2027, 0.7765, 0.2567, 2.8214, 2.6678, 1.0735],
       device='cuda:0')
2026-04-23 17:36:18,259 | INFO | Sum of weights: 8.0
2026-04-23 17:36:18,261 | INFO | Class 0: count=3618, weight=0.1489
2026-04-23 17:36:18,262 | INFO | Class 1: count=10300, weight=0.0523
2026-04-23 17:36:18,263 | INFO | Class 2: count=2658, weight=0.2027
2026-04-23 17:36:18,263 | INFO | Class 3: count=694, weight=0.7765
2026-04-23 17:36:18,264 | INFO | Class 4: count=2099, weight=0.2567
2026-04-23 17:36:18,265 | INFO | Class 5: count=191, weight=2.8214
2026-04-23 17:36:18,265 | INFO | Class 6: count=202, weight=2.6678
2026-04-23 17:36:18,266 | INFO | Class 7: count=502, weight=1.0735
2026-04-23 17:36:18,267 | INFO | Loss function: CrossEntropyLoss()
2026-04-23 17:36:18,268 | INFO | Unique labels: [np.int64(0), np.int64(1), np.int64(2), np.int64(3), np.int64(4), np.int64(5), np.int64(6), np.int64(7)]
2026-04-23 17:36:20,444 | INFO | 
Training | pretrained=True | loss=ce

2026-04-23 17:43:17,121 | INFO | Epoch   1/30 | loss=1.0385 | acc=0.7016 | bacc=0.4252 | sens=0.4252 | spec=0.9467 | prec=0.4612 | rec=0.4252 | f1=0.4302 | auc=0.9142
2026-04-23 17:43:17,149 | INFO |   saved
2026-04-23 17:50:07,481 | INFO | Epoch   2/30 | loss=0.8997 | acc=0.7020 | bacc=0.4402 | sens=0.4402 | spec=0.9407 | prec=0.6150 | rec=0.4402 | f1=0.4641 | auc=0.9251
2026-04-23 17:50:07,508 | INFO |   saved
2026-04-23 17:56:53,298 | INFO | Epoch   3/30 | loss=0.8347 | acc=0.7138 | bacc=0.5020 | sens=0.5020 | spec=0.9427 | prec=0.6090 | rec=0.5020 | f1=0.5115 | auc=0.9320
2026-04-23 17:56:53,324 | INFO |   saved
2026-04-23 18:03:40,193 | INFO | Epoch   4/30 | loss=0.7967 | acc=0.7379 | bacc=0.5171 | sens=0.5171 | spec=0.9516 | prec=0.6747 | rec=0.5171 | f1=0.5517 | auc=0.9385
2026-04-23 18:03:40,220 | INFO |   saved
2026-04-23 18:10:21,957 | INFO | Epoch   5/30 | loss=0.7563 | acc=0.7436 | bacc=0.5778 | sens=0.5778 | spec=0.9533 | prec=0.6133 | rec=0.5778 | f1=0.5844 | auc=0.9452
2026-04-23 18:10:21,983 | INFO |   saved
2026-04-23 18:17:00,246 | INFO | Epoch   6/30 | loss=0.7300 | acc=0.7436 | bacc=0.5788 | sens=0.5788 | spec=0.9522 | prec=0.6593 | rec=0.5788 | f1=0.5996 | auc=0.9447
2026-04-23 18:17:00,248 | INFO |   (no improve 1/10)
2026-04-23 18:23:43,126 | INFO | Epoch   7/30 | loss=0.7013 | acc=0.7320 | bacc=0.5989 | sens=0.5989 | spec=0.9538 | prec=0.6439 | rec=0.5989 | f1=0.5995 | auc=0.9449
2026-04-23 18:23:43,153 | INFO |   saved
2026-04-23 18:30:24,230 | INFO | Epoch   8/30 | loss=0.6720 | acc=0.7531 | bacc=0.6103 | sens=0.6103 | spec=0.9554 | prec=0.6682 | rec=0.6103 | f1=0.6338 | auc=0.9468
2026-04-23 18:30:24,260 | INFO |   saved
2026-04-23 18:37:11,322 | INFO | Epoch   9/30 | loss=0.6445 | acc=0.7567 | bacc=0.5925 | sens=0.5925 | spec=0.9525 | prec=0.6729 | rec=0.5925 | f1=0.6132 | auc=0.9514
2026-04-23 18:37:11,323 | INFO |   (no improve 1/10)
2026-04-23 18:43:53,686 | INFO | Epoch  10/30 | loss=0.6238 | acc=0.7657 | bacc=0.6020 | sens=0.6020 | spec=0.9565 | prec=0.7008 | rec=0.6020 | f1=0.6333 | auc=0.9527
2026-04-23 18:43:53,688 | INFO |   (no improve 2/10)
2026-04-23 18:50:33,816 | INFO | Epoch  11/30 | loss=0.5937 | acc=0.7620 | bacc=0.6183 | sens=0.6183 | spec=0.9528 | prec=0.6776 | rec=0.6183 | f1=0.6411 | auc=0.9517
2026-04-23 18:50:33,847 | INFO |   saved
2026-04-23 18:57:14,213 | INFO | Epoch  12/30 | loss=0.5801 | acc=0.7762 | bacc=0.6323 | sens=0.6323 | spec=0.9575 | prec=0.7051 | rec=0.6323 | f1=0.6587 | auc=0.9552
2026-04-23 18:57:14,241 | INFO |   saved
2026-04-23 19:03:57,095 | INFO | Epoch  13/30 | loss=0.5632 | acc=0.7758 | bacc=0.6354 | sens=0.6354 | spec=0.9572 | prec=0.7040 | rec=0.6354 | f1=0.6613 | auc=0.9554
2026-04-23 19:03:57,120 | INFO |   saved
2026-04-23 19:10:36,949 | INFO | Epoch  14/30 | loss=0.5386 | acc=0.7687 | bacc=0.6411 | sens=0.6411 | spec=0.9553 | prec=0.6987 | rec=0.6411 | f1=0.6602 | auc=0.9554
2026-04-23 19:10:36,976 | INFO |   saved
2026-04-23 19:17:16,957 | INFO | Epoch  15/30 | loss=0.5192 | acc=0.7792 | bacc=0.6434 | sens=0.6434 | spec=0.9592 | prec=0.6966 | rec=0.6434 | f1=0.6659 | auc=0.9550
2026-04-23 19:17:16,983 | INFO |   saved
2026-04-23 19:23:54,114 | INFO | Epoch  16/30 | loss=0.5089 | acc=0.7740 | bacc=0.6680 | sens=0.6680 | spec=0.9589 | prec=0.6733 | rec=0.6680 | f1=0.6685 | auc=0.9565
2026-04-23 19:23:54,141 | INFO |   saved
2026-04-23 19:30:31,147 | INFO | Epoch  17/30 | loss=0.4902 | acc=0.7809 | bacc=0.6627 | sens=0.6627 | spec=0.9592 | prec=0.6829 | rec=0.6627 | f1=0.6660 | auc=0.9554
2026-04-23 19:30:31,149 | INFO |   (no improve 1/10)
2026-04-23 19:37:12,921 | INFO | Epoch  18/30 | loss=0.4666 | acc=0.7847 | bacc=0.6691 | sens=0.6691 | spec=0.9591 | prec=0.7160 | rec=0.6691 | f1=0.6848 | auc=0.9573
2026-04-23 19:37:12,946 | INFO |   saved
2026-04-23 19:43:48,102 | INFO | Epoch  19/30 | loss=0.4620 | acc=0.7835 | bacc=0.6756 | sens=0.6756 | spec=0.9602 | prec=0.6785 | rec=0.6756 | f1=0.6743 | auc=0.9572
2026-04-23 19:43:48,130 | INFO |   saved
2026-04-23 19:50:31,290 | INFO | Epoch  20/30 | loss=0.4440 | acc=0.7867 | bacc=0.6615 | sens=0.6615 | spec=0.9596 | prec=0.7192 | rec=0.6615 | f1=0.6862 | auc=0.9564
2026-04-23 19:50:31,292 | INFO |   (no improve 1/10)
2026-04-23 19:57:09,063 | INFO | Epoch  21/30 | loss=0.4332 | acc=0.7865 | bacc=0.6878 | sens=0.6878 | spec=0.9612 | prec=0.6840 | rec=0.6878 | f1=0.6807 | auc=0.9595
2026-04-23 19:57:09,090 | INFO |   saved
2026-04-23 20:03:49,532 | INFO | Epoch  22/30 | loss=0.4199 | acc=0.7847 | bacc=0.6690 | sens=0.6690 | spec=0.9601 | prec=0.7037 | rec=0.6690 | f1=0.6823 | auc=0.9587
2026-04-23 20:03:49,534 | INFO |   (no improve 1/10)
2026-04-23 20:10:26,921 | INFO | Epoch  23/30 | loss=0.4106 | acc=0.7944 | bacc=0.6780 | sens=0.6780 | spec=0.9616 | prec=0.7199 | rec=0.6780 | f1=0.6951 | auc=0.9592
2026-04-23 20:10:26,923 | INFO |   (no improve 2/10)
2026-04-23 20:17:05,550 | INFO | Epoch  24/30 | loss=0.4058 | acc=0.7882 | bacc=0.6720 | sens=0.6720 | spec=0.9608 | prec=0.7039 | rec=0.6720 | f1=0.6840 | auc=0.9593
2026-04-23 20:17:05,551 | INFO |   (no improve 3/10)
2026-04-23 20:23:43,409 | INFO | Epoch  25/30 | loss=0.4000 | acc=0.7900 | bacc=0.6765 | sens=0.6765 | spec=0.9609 | prec=0.6974 | rec=0.6765 | f1=0.6837 | auc=0.9583
2026-04-23 20:23:43,411 | INFO |   (no improve 4/10)
2026-04-23 20:30:23,606 | INFO | Epoch  26/30 | loss=0.3948 | acc=0.7910 | bacc=0.6812 | sens=0.6812 | spec=0.9609 | prec=0.7060 | rec=0.6812 | f1=0.6891 | auc=0.9587
2026-04-23 20:30:23,607 | INFO |   (no improve 5/10)
2026-04-23 20:37:09,201 | INFO | Epoch  27/30 | loss=0.3793 | acc=0.7902 | bacc=0.6767 | sens=0.6767 | spec=0.9613 | prec=0.6992 | rec=0.6767 | f1=0.6839 | auc=0.9590
2026-04-23 20:37:09,202 | INFO |   (no improve 6/10)
2026-04-23 20:43:51,844 | INFO | Epoch  28/30 | loss=0.3772 | acc=0.7932 | bacc=0.6806 | sens=0.6806 | spec=0.9615 | prec=0.7078 | rec=0.6806 | f1=0.6899 | auc=0.9586
2026-04-23 20:43:51,846 | INFO |   (no improve 7/10)
2026-04-23 20:50:35,472 | INFO | Epoch  29/30 | loss=0.3764 | acc=0.7894 | bacc=0.6780 | sens=0.6780 | spec=0.9614 | prec=0.6989 | rec=0.6780 | f1=0.6850 | auc=0.9586
2026-04-23 20:50:35,473 | INFO |   (no improve 8/10)
2026-04-23 20:57:15,059 | INFO | Epoch  30/30 | loss=0.3853 | acc=0.7910 | bacc=0.6777 | sens=0.6777 | spec=0.9614 | prec=0.7060 | rec=0.6777 | f1=0.6878 | auc=0.9587
2026-04-23 20:57:15,060 | INFO |   (no improve 9/10)
2026-04-23 20:57:15,061 | INFO | 
Per-class AUC:
2026-04-23 20:57:15,062 | INFO |   MEL: 0.9175 | 
2026-04-23 20:57:15,062 | INFO |   NV: 0.9491 | 
2026-04-23 20:57:15,063 | INFO |   BCC: 0.9783 | 
2026-04-23 20:57:15,064 | INFO |   AK: 0.9521 | 
2026-04-23 20:57:15,065 | INFO |   BKL: 0.9365 | 
2026-04-23 20:57:15,065 | INFO |   DF: 0.9659 | 
2026-04-23 20:57:15,066 | INFO |   VASC: 0.9988 | 
2026-04-23 20:57:15,067 | INFO |   SCC: 0.9717 | 
2026-04-23 20:57:15,067 | INFO | 
2026-04-23 20:57:15,068 | INFO | 
Done in 200.9 min
2026-04-23 20:57:15,069 | INFO | Best  | epoch=21 | bacc=0.6878
2026-04-23 20:57:15,070 | INFO | Final | acc=0.7910 | bacc=0.6777 | sens=0.6777 | spec=0.9614 | prec_macro=0.7060 | rec_macro=0.6777 | f1_macro=0.6878 | prec_wtd=0.7875 | rec_wtd=0.7910 | f1_wtd=0.7867 | auc=0.9587
2026-04-23 20:57:15,070 | INFO | 
Confusion Matrix — Final Epoch
2026-04-23 20:57:15,071 | INFO |         MEL     NV    BCC     AK    BKL     DF   VASC    SCC
2026-04-23 20:57:15,072 | INFO |    MEL    550    249     24     20     53      2      4      2
2026-04-23 20:57:15,073 | INFO |     NV    117   2357     26      8     57      2      6      2
2026-04-23 20:57:15,074 | INFO |    BCC     13     42    544     38     13      4      2      9
2026-04-23 20:57:15,074 | INFO |     AK      6      8     33     88     28      1      0      9
2026-04-23 20:57:15,075 | INFO |    BKL     30     96     24     28    338      1      0      8
2026-04-23 20:57:15,076 | INFO |     DF      1      8      7      0      1     29      0      2
2026-04-23 20:57:15,077 | INFO |   VASC      3      1      1      0      0      1     44      1
2026-04-23 20:57:15,077 | INFO |    SCC      9      4     28     18      8      1      0     58
2026-04-23 20:57:15,443 | INFO | Confusion matrix saved → /scratch/wpl3a/isic2019/checkpoints/confusion_matrix_final.png
2026-04-23 20:58:14,518 | INFO | 
Confusion Matrix — Best Epoch (21)
2026-04-23 20:58:14,520 | INFO |         MEL     NV    BCC     AK    BKL     DF   VASC    SCC
2026-04-23 20:58:14,520 | INFO |    MEL    553    244     29     23     46      3      5      1
2026-04-23 20:58:14,521 | INFO |     NV    119   2333     37      9     59      4     12      2
2026-04-23 20:58:14,522 | INFO |    BCC     10     39    548     35     14      4      3     12
2026-04-23 20:58:14,522 | INFO |     AK      8      9     36     85     26      1      0      8
2026-04-23 20:58:14,523 | INFO |    BKL     38     88     31     26    330      2      0     10
2026-04-23 20:58:14,524 | INFO |     DF      1      6      6      1      1     32      0      1
2026-04-23 20:58:14,525 | INFO |   VASC      2      0      1      0      0      1     47      0
2026-04-23 20:58:14,525 | INFO |    SCC      9      4     31     13     10      1      1     57
2026-04-23 20:58:14,890 | INFO | Confusion matrix saved → /scratch/wpl3a/isic2019/checkpoints/confusion_matrix_best.png
2026-04-23 20:58:15,055 | INFO | History saved to /scratch/wpl3a/isic2019/checkpoints/history.json
2026-04-23 20:58:15,063 | INFO | 
Done in 201.9 min
2026-04-23 20:58:15,064 | INFO | Best   | epoch=21 | bacc=0.6878
2026-04-23 20:58:15,065 | INFO | Final  | acc=0.7910 | bacc=0.6777 | sens=0.6878 | spec=0.9612 | f1=0.6807 | auc=0.9587
2026-04-23 20:58:15,065 | INFO | 
Per-class AUC:
2026-04-23 20:58:15,066 | INFO |   MEL: 0.9159 | 
2026-04-23 20:58:15,067 | INFO |   NV: 0.9481 | 
2026-04-23 20:58:15,067 | INFO |   BCC: 0.9757 | 
2026-04-23 20:58:15,068 | INFO |   AK: 0.9510 | 
2026-04-23 20:58:15,069 | INFO |   BKL: 0.9348 | 
2026-04-23 20:58:15,069 | INFO |   DF: 0.9787 | 
2026-04-23 20:58:15,070 | INFO |   VASC: 0.9989 | 
2026-04-23 20:58:15,071 | INFO |   SCC: 0.9726 | 
2026-04-23 20:58:15,071 | INFO | 
2026-04-23 20:58:15,077 | INFO | 
History saved to /scratch/wpl3a/isic2019/checkpoints/history.json
2026-04-23 20:59:14,124 | INFO | 
=== Benchmark: mobilenet_v3_small (ce, aug=standard) ===
2026-04-23 20:59:14,126 | INFO |   params_total: 1526056
2026-04-23 20:59:14,126 | INFO |   params_trainable: 1526056
2026-04-23 20:59:14,127 | INFO |   size_mb: 5.82
2026-04-23 20:59:14,128 | INFO |   inference_ms: 6.64
2026-04-23 20:59:14,128 | INFO |   gflops: None
2026-04-23 20:59:15,618 | INFO | Checkpoint artifact logged to W&B
2026-04-23 20:59:19,055 | INFO | W&B run finished.
2026-04-23 20:59:19,062 | INFO | History saved to /scratch/wpl3a/isic2019/checkpoints/history.json
2026-04-23 20:59:40,323 | INFO | Saved: all_runs_summary.csv
2026-04-23 20:59:40,630 | INFO | Saved metrics to: metrics_mbnt_noFreezeBB_ce.csv
2026-04-23 21:00:03,904 | INFO | Saved: all_runs_summary.csv
2026-04-23 21:00:03,905 | INFO |       run_id                                               name     state  \
16  1dl5ps9o  mobilenet_v3_small_weighted_ce_standard_pretra...  finished   
85  78ol5tlu  mobilenetv3_small_weighted_ce_standard_pretrai...  finished   
89  2q0buklz       mobilenetv3_small_ce_standard_pretrainedTrue  finished   
86  4kxlyxk2  mobilenetv3_small_weighted_ce_standard_pretrai...  finished   
33  vivht0cq  mobilenet_v3_small_weighted_ce_standard_pretra...  finished   

          architecture      loss_fn augmentation pretrained freeze_bb      lr  \
16  mobilenet_v3_small  weighted_ce     standard       True     False  0.0001   
85   mobilenetv3_small  weighted_ce     standard       True     False  0.0001   
89   mobilenetv3_small           ce     standard       True     False  0.0001   
86   mobilenetv3_small  weighted_ce     standard       True      True  0.0001   
33  mobilenet_v3_small  weighted_ce     standard       True     False  0.0001   

    batch_size  best_bacc  best_acc  best_f1_macro  best_auc_macro  \
16        32.0   0.738802       NaN            NaN             NaN   
85         8.0   0.732075  0.756266       0.681286        0.951265   
89         8.0   0.687790  0.786461       0.680733        0.959458   
86         8.0   0.548918  0.631932       0.441855        0.896018   
33        32.0   0.413059       NaN            NaN             NaN   

    best_precision  best_recall     params  inference_ms  
16             NaN          NaN  1526056.0          6.88  
85        0.648019     0.732075  1526056.0          6.75  
89        0.684023     0.687790  1526056.0          6.64  
86        0.425505     0.548918  1526056.0          5.30  
33             NaN          NaN  1526056.0          5.37  
2026-04-23 21:00:28,162 | INFO | Data loaded:
2026-04-23 21:00:28,163 | INFO |       run_id                                               name  \
5   7zi5n5tq  mobilenet_v3_small_weighted_ce_standard_pretra...   
8   v0ii2tcd  mobilenet_v3_small_weighted_ce_standard_pretra...   
16  1dl5ps9o  mobilenet_v3_small_weighted_ce_standard_pretra...   
29  nzuy2c16  mobilenet_v3_small_weighted_ce_standard_pretra...   
32  ian0rllh  mobilenet_v3_small_weighted_ce_standard_pretra...   

          architecture      loss_fn augmentation pretrained freeze_bb    lr  \
5   mobilenet_v3_small  weighted_ce     standard       True      None  None   
8   mobilenet_v3_small  weighted_ce     standard       True      None  None   
16  mobilenet_v3_small  weighted_ce     standard       True      None  None   
29  mobilenet_v3_small  weighted_ce     standard       True      None  None   
32  mobilenet_v3_small  weighted_ce     standard       True      None  None   

   batch_size  best_bacc  best_acc  best_f1_macro  best_auc_macro  \
5        None   0.413059       NaN            NaN             NaN   
8        None   0.329269       NaN            NaN             NaN   
16       None   0.738802       NaN            NaN             NaN   
29       None   0.391510       NaN            NaN             NaN   
32       None   0.277441       NaN            NaN             NaN   

    best_precision  best_recall     params  inference_ms  
5              NaN          NaN  1526056.0          6.13  
8              NaN          NaN  1526056.0          5.31  
16             NaN          NaN  1526056.0          6.88  
29             NaN          NaN  1526056.0          5.89  
32             NaN          NaN  1526056.0          5.43  
