2026-04-23 09:48:47,548 | INFO | Loaded logger
2026-04-23 09:48:47,565 | INFO | 
Starting setup and imports
2026-04-23 09:48:54,861 | INFO | Imports OK
2026-04-23 09:48:55,022 | INFO | 
Setup and imports complete
2026-04-23 09:48:55,121 | INFO | 
Data files already present, skipping download and unzip
2026-04-23 09:48:55,126 | INFO | 
Data ready - downloaded and unzipped.
2026-04-23 09:48:55,297 | INFO | 
Device: cuda
2026-04-23 09:48:55,299 | INFO | Config: {'architecture': 'mobilenetv3_small', 'pretrained': True, 'freeze_bb': False, 'loss_fn': 'weighted_ce', 'augmentation': 'standard', 'img_size': 224, 'batch_size': 8, 'epochs': 30, 'lr': 0.0001, 'val_split': 0.2, 'patience': 10, 'seed': 42, 'classes': ['MEL', 'NV', 'BCC', 'AK', 'BKL', 'DF', 'VASC', 'SCC'], 'dropout': 0.2, 'min_delta': 0.001, 'num_classes': 8}
2026-04-23 09:48:55,314 | INFO | 
Seed set to 42
2026-04-23 09:48:55,797 | INFO | <class 'torchvision.models.mobilenetv3.MobileNetV3'>
2026-04-23 09:48:55,799 | INFO | 
Model loaded OK
2026-04-23 09:48:55,901 | INFO | 
Split complete: 
2026-04-23 09:48:55,903 | INFO | Train: 20264 | Val: 5067 | Test: 8238
2026-04-23 09:48:55,908 | INFO | 
Class frequencies:
2026-04-23 09:48:55,912 | INFO | 
TRAIN (20264 images):
2026-04-23 09:48:55,913 | INFO |   MEL   :  3618  (17.9%)
2026-04-23 09:48:55,914 | INFO |   NV    : 10300  (50.8%)
2026-04-23 09:48:55,914 | INFO |   BCC   :  2658  (13.1%)
2026-04-23 09:48:55,915 | INFO |   AK    :   694  ( 3.4%)
2026-04-23 09:48:55,916 | INFO |   BKL   :  2099  (10.4%)
2026-04-23 09:48:55,917 | INFO |   DF    :   191  ( 0.9%)
2026-04-23 09:48:55,917 | INFO |   VASC  :   202  ( 1.0%)
2026-04-23 09:48:55,918 | INFO |   SCC   :   502  ( 2.5%)
2026-04-23 09:48:55,919 | INFO | 
VAL (5067 images):
2026-04-23 09:48:55,920 | INFO |   MEL   :   904  (17.8%)
2026-04-23 09:48:55,921 | INFO |   NV    :  2575  (50.8%)
2026-04-23 09:48:55,921 | INFO |   BCC   :   665  (13.1%)
2026-04-23 09:48:55,922 | INFO |   AK    :   173  ( 3.4%)
2026-04-23 09:48:55,923 | INFO |   BKL   :   525  (10.4%)
2026-04-23 09:48:55,923 | INFO |   DF    :    48  ( 0.9%)
2026-04-23 09:48:55,924 | INFO |   VASC  :    51  ( 1.0%)
2026-04-23 09:48:55,925 | INFO |   SCC   :   126  ( 2.5%)
2026-04-23 09:48:55,929 | INFO | 
Subset — train: 20264, val: 5067, test: 8238
2026-04-23 09:48:55,931 | INFO | Working with 100.00% of data
2026-04-23 09:48:55,937 | INFO | 
Dataset loaders ready!
2026-04-23 09:48:55,948 | INFO | 
Class counts:
label
0     3618
1    10300
2     2658
3      694
4     2099
5      191
6      202
7      502
Name: count, dtype: int64
2026-04-23 09:48:55,949 | INFO | 
Total samples: 20264
2026-04-23 09:48:55,950 | INFO | Raw inverse weights: [2.76395799e-04 9.70873786e-05 3.76222724e-04 1.44092219e-03
 4.76417342e-04 5.23560209e-03 4.95049505e-03 1.99203187e-03]
2026-04-23 09:48:56,078 | INFO | Normalized class weights: tensor([0.1489, 0.0523, 0.2027, 0.7765, 0.2567, 2.8214, 2.6678, 1.0735],
       device='cuda:0')
2026-04-23 09:48:56,093 | INFO | Sum of weights: 8.0
2026-04-23 09:48:56,095 | INFO | Class 0: count=3618, weight=0.1489
2026-04-23 09:48:56,096 | INFO | Class 1: count=10300, weight=0.0523
2026-04-23 09:48:56,097 | INFO | Class 2: count=2658, weight=0.2027
2026-04-23 09:48:56,097 | INFO | Class 3: count=694, weight=0.7765
2026-04-23 09:48:56,098 | INFO | Class 4: count=2099, weight=0.2567
2026-04-23 09:48:56,099 | INFO | Class 5: count=191, weight=2.8214
2026-04-23 09:48:56,099 | INFO | Class 6: count=202, weight=2.6678
2026-04-23 09:48:56,100 | INFO | Class 7: count=502, weight=1.0735
2026-04-23 09:48:56,101 | INFO | Loss function: CrossEntropyLoss()
2026-04-23 09:48:56,103 | INFO | Loss weights: tensor([0.1489, 0.0523, 0.2027, 0.7765, 0.2567, 2.8214, 2.6678, 1.0735],
       device='cuda:0')
2026-04-23 09:48:56,104 | INFO | Unique labels: [np.int64(0), np.int64(1), np.int64(2), np.int64(3), np.int64(4), np.int64(5), np.int64(6), np.int64(7)]
2026-04-23 09:48:58,095 | INFO | 
Training | pretrained=True | loss=weighted_ce

2026-04-23 09:56:26,609 | INFO | Epoch   1/30 | loss=1.4946 | acc=0.6357 | bacc=0.5339 | sens=0.5339 | spec=0.9430 | prec=0.4406 | rec=0.5339 | f1=0.4580 | auc=0.9094
2026-04-23 09:56:26,649 | INFO |   saved
2026-04-23 10:03:43,754 | INFO | Epoch   2/30 | loss=1.2588 | acc=0.6590 | bacc=0.6198 | sens=0.6198 | spec=0.9469 | prec=0.4828 | rec=0.6198 | f1=0.5154 | auc=0.9235
2026-04-23 10:03:43,784 | INFO |   saved
2026-04-23 10:10:57,752 | INFO | Epoch   3/30 | loss=1.1709 | acc=0.6834 | bacc=0.6182 | sens=0.6182 | spec=0.9470 | prec=0.5309 | rec=0.6182 | f1=0.5424 | auc=0.9285
2026-04-23 10:10:57,754 | INFO |   (no improve 1/10)
2026-04-23 10:18:13,569 | INFO | Epoch   4/30 | loss=1.1100 | acc=0.6730 | bacc=0.6315 | sens=0.6315 | spec=0.9489 | prec=0.5412 | rec=0.6315 | f1=0.5681 | auc=0.9312
2026-04-23 10:18:13,595 | INFO |   saved
2026-04-23 10:25:29,639 | INFO | Epoch   5/30 | loss=1.0514 | acc=0.6937 | bacc=0.6650 | sens=0.6650 | spec=0.9511 | prec=0.5312 | rec=0.6650 | f1=0.5734 | auc=0.9368
2026-04-23 10:25:29,664 | INFO |   saved
2026-04-23 10:32:53,347 | INFO | Epoch   6/30 | loss=1.0034 | acc=0.6878 | bacc=0.6640 | sens=0.6640 | spec=0.9508 | prec=0.5191 | rec=0.6640 | f1=0.5626 | auc=0.9338
2026-04-23 10:32:53,348 | INFO |   (no improve 1/10)
2026-04-23 10:40:16,653 | INFO | Epoch   7/30 | loss=0.9615 | acc=0.6675 | bacc=0.6601 | sens=0.6601 | spec=0.9490 | prec=0.5361 | rec=0.6601 | f1=0.5715 | auc=0.9332
2026-04-23 10:40:16,656 | INFO |   (no improve 2/10)
2026-04-23 10:47:32,636 | INFO | Epoch   8/30 | loss=0.9188 | acc=0.6840 | bacc=0.6681 | sens=0.6681 | spec=0.9506 | prec=0.5404 | rec=0.6681 | f1=0.5701 | auc=0.9358
2026-04-23 10:47:32,665 | INFO |   saved
2026-04-23 10:54:51,589 | INFO | Epoch   9/30 | loss=0.8805 | acc=0.7213 | bacc=0.6816 | sens=0.6816 | spec=0.9544 | prec=0.6013 | rec=0.6816 | f1=0.6319 | auc=0.9437
2026-04-23 10:54:51,614 | INFO |   saved
2026-04-23 11:02:11,468 | INFO | Epoch  10/30 | loss=0.8526 | acc=0.7253 | bacc=0.6818 | sens=0.6818 | spec=0.9547 | prec=0.6120 | rec=0.6818 | f1=0.6374 | auc=0.9426
2026-04-23 11:02:11,469 | INFO |   (no improve 1/10)
2026-04-23 11:09:32,372 | INFO | Epoch  11/30 | loss=0.8125 | acc=0.7393 | bacc=0.6803 | sens=0.6803 | spec=0.9553 | prec=0.6133 | rec=0.6803 | f1=0.6362 | auc=0.9474
2026-04-23 11:09:32,374 | INFO |   (no improve 2/10)
2026-04-23 11:16:49,263 | INFO | Epoch  12/30 | loss=0.7776 | acc=0.7383 | bacc=0.6868 | sens=0.6868 | spec=0.9568 | prec=0.6078 | rec=0.6868 | f1=0.6393 | auc=0.9469
2026-04-23 11:16:49,296 | INFO |   saved
2026-04-23 11:24:00,339 | INFO | Epoch  13/30 | loss=0.7646 | acc=0.7496 | bacc=0.6947 | sens=0.6947 | spec=0.9580 | prec=0.6262 | rec=0.6947 | f1=0.6522 | auc=0.9518
2026-04-23 11:24:00,365 | INFO |   saved
2026-04-23 11:31:19,644 | INFO | Epoch  14/30 | loss=0.7306 | acc=0.7397 | bacc=0.6973 | sens=0.6973 | spec=0.9558 | prec=0.6297 | rec=0.6973 | f1=0.6465 | auc=0.9501
2026-04-23 11:31:19,671 | INFO |   saved
2026-04-23 11:38:40,955 | INFO | Epoch  15/30 | loss=0.7127 | acc=0.7373 | bacc=0.6937 | sens=0.6937 | spec=0.9561 | prec=0.6098 | rec=0.6937 | f1=0.6401 | auc=0.9474
2026-04-23 11:38:40,957 | INFO |   (no improve 1/10)
2026-04-23 11:45:58,626 | INFO | Epoch  16/30 | loss=0.6690 | acc=0.7330 | bacc=0.7095 | sens=0.7095 | spec=0.9574 | prec=0.6233 | rec=0.7095 | f1=0.6565 | auc=0.9508
2026-04-23 11:45:58,652 | INFO |   saved
2026-04-23 11:53:09,509 | INFO | Epoch  17/30 | loss=0.6633 | acc=0.7515 | bacc=0.7123 | sens=0.7123 | spec=0.9585 | prec=0.6194 | rec=0.7123 | f1=0.6566 | auc=0.9513
2026-04-23 11:53:09,538 | INFO |   saved
2026-04-23 12:00:21,493 | INFO | Epoch  18/30 | loss=0.6287 | acc=0.7529 | bacc=0.7295 | sens=0.7295 | spec=0.9590 | prec=0.6358 | rec=0.7295 | f1=0.6723 | auc=0.9510
2026-04-23 12:00:21,519 | INFO |   saved
2026-04-23 12:07:37,113 | INFO | Epoch  19/30 | loss=0.6157 | acc=0.7533 | bacc=0.7173 | sens=0.7173 | spec=0.9594 | prec=0.6293 | rec=0.7173 | f1=0.6657 | auc=0.9504
2026-04-23 12:07:37,115 | INFO |   (no improve 1/10)
2026-04-23 12:14:55,351 | INFO | Epoch  20/30 | loss=0.5920 | acc=0.7549 | bacc=0.7203 | sens=0.7203 | spec=0.9595 | prec=0.6428 | rec=0.7203 | f1=0.6769 | auc=0.9515
2026-04-23 12:14:55,353 | INFO |   (no improve 2/10)
2026-04-23 12:22:12,107 | INFO | Epoch  21/30 | loss=0.5776 | acc=0.7498 | bacc=0.7308 | sens=0.7308 | spec=0.9590 | prec=0.6224 | rec=0.7308 | f1=0.6653 | auc=0.9523
2026-04-23 12:22:12,133 | INFO |   saved
2026-04-23 12:29:29,148 | INFO | Epoch  22/30 | loss=0.5545 | acc=0.7454 | bacc=0.7281 | sens=0.7281 | spec=0.9592 | prec=0.6372 | rec=0.7281 | f1=0.6747 | auc=0.9504
2026-04-23 12:29:29,150 | INFO |   (no improve 1/10)
2026-04-23 12:36:46,137 | INFO | Epoch  23/30 | loss=0.5485 | acc=0.7578 | bacc=0.7263 | sens=0.7263 | spec=0.9603 | prec=0.6522 | rec=0.7263 | f1=0.6840 | auc=0.9520
2026-04-23 12:36:46,139 | INFO |   (no improve 2/10)
2026-04-23 12:44:11,427 | INFO | Epoch  24/30 | loss=0.5344 | acc=0.7547 | bacc=0.7299 | sens=0.7299 | spec=0.9598 | prec=0.6513 | rec=0.7299 | f1=0.6829 | auc=0.9512
2026-04-23 12:44:11,428 | INFO |   (no improve 3/10)
2026-04-23 12:51:34,913 | INFO | Epoch  25/30 | loss=0.5235 | acc=0.7563 | bacc=0.7321 | sens=0.7321 | spec=0.9592 | prec=0.6480 | rec=0.7321 | f1=0.6813 | auc=0.9513
2026-04-23 12:51:34,941 | INFO |   saved
2026-04-23 12:58:55,901 | INFO | Epoch  26/30 | loss=0.5143 | acc=0.7626 | bacc=0.7306 | sens=0.7306 | spec=0.9604 | prec=0.6549 | rec=0.7306 | f1=0.6859 | auc=0.9530
2026-04-23 12:58:55,902 | INFO |   (no improve 1/10)
2026-04-23 13:06:12,538 | INFO | Epoch  27/30 | loss=0.5106 | acc=0.7555 | bacc=0.7297 | sens=0.7297 | spec=0.9599 | prec=0.6531 | rec=0.7297 | f1=0.6851 | auc=0.9525
2026-04-23 13:06:12,540 | INFO |   (no improve 2/10)
2026-04-23 13:13:36,615 | INFO | Epoch  28/30 | loss=0.4991 | acc=0.7642 | bacc=0.7321 | sens=0.7321 | spec=0.9606 | prec=0.6601 | rec=0.7321 | f1=0.6898 | auc=0.9531
2026-04-23 13:13:36,617 | INFO |   (no improve 3/10)
2026-04-23 13:20:47,522 | INFO | Epoch  29/30 | loss=0.5003 | acc=0.7602 | bacc=0.7301 | sens=0.7301 | spec=0.9604 | prec=0.6528 | rec=0.7301 | f1=0.6848 | auc=0.9528
2026-04-23 13:20:47,524 | INFO |   (no improve 4/10)
2026-04-23 13:28:01,017 | INFO | Epoch  30/30 | loss=0.5117 | acc=0.7604 | bacc=0.7316 | sens=0.7316 | spec=0.9604 | prec=0.6552 | rec=0.7316 | f1=0.6864 | auc=0.9525
2026-04-23 13:28:01,020 | INFO |   (no improve 5/10)
2026-04-23 13:28:01,021 | INFO | 
Per-class AUC:
2026-04-23 13:28:01,021 | INFO |   MEL: 0.8976 | 
2026-04-23 13:28:01,022 | INFO |   NV: 0.9403 | 
2026-04-23 13:28:01,023 | INFO |   BCC: 0.9729 | 
2026-04-23 13:28:01,023 | INFO |   AK: 0.9549 | 
2026-04-23 13:28:01,024 | INFO |   BKL: 0.9281 | 
2026-04-23 13:28:01,025 | INFO |   DF: 0.9599 | 
2026-04-23 13:28:01,026 | INFO |   VASC: 0.9992 | 
2026-04-23 13:28:01,026 | INFO |   SCC: 0.9672 | 
2026-04-23 13:28:01,027 | INFO | 
2026-04-23 13:28:01,028 | INFO | 
Done in 219.0 min
2026-04-23 13:28:01,028 | INFO | Best  | epoch=25 | bacc=0.7321
2026-04-23 13:28:01,029 | INFO | Final | acc=0.7604 | bacc=0.7316 | sens=0.7316 | spec=0.9604 | prec_macro=0.6552 | rec_macro=0.7316 | f1_macro=0.6864 | prec_wtd=0.7756 | rec_wtd=0.7604 | f1_wtd=0.7650 | auc=0.9525
2026-04-23 13:28:01,030 | INFO | 
Confusion Matrix — Final Epoch
2026-04-23 13:28:01,031 | INFO |         MEL     NV    BCC     AK    BKL     DF   VASC    SCC
2026-04-23 13:28:01,032 | INFO |    MEL    544    191     38     34     84      4      1      8
2026-04-23 13:28:01,032 | INFO |     NV    187   2139     64     15    141     14      8      7
2026-04-23 13:28:01,033 | INFO |    BCC     10     22    533     55     20      2      4     19
2026-04-23 13:28:01,034 | INFO |     AK      1      3     27    110     24      0      1      7
2026-04-23 13:28:01,034 | INFO |    BKL     33     48     20     40    367      4      0     13
2026-04-23 13:28:01,035 | INFO |     DF      0      0      5      1      2     37      0      3
2026-04-23 13:28:01,036 | INFO |   VASC      0      1      3      0      0      1     46      0
2026-04-23 13:28:01,036 | INFO |    SCC      4      0     19     16      9      1      0     77
2026-04-23 13:28:01,413 | INFO | Confusion matrix saved → /scratch/wpl3a/isic2019/checkpoints/confusion_matrix_final.png
2026-04-23 13:29:02,054 | INFO | 
Confusion Matrix — Best Epoch (25)
2026-04-23 13:29:02,056 | INFO |         MEL     NV    BCC     AK    BKL     DF   VASC    SCC
2026-04-23 13:29:02,057 | INFO |    MEL    513    215     35     34     93      4      1      9
2026-04-23 13:29:02,057 | INFO |     NV    148   2169     60     15    152     12      9     10
2026-04-23 13:29:02,058 | INFO |    BCC     13     25    515     53     20      4      4     31
2026-04-23 13:29:02,059 | INFO |     AK      2      3     24    111     23      0      1      9
2026-04-23 13:29:02,059 | INFO |    BKL     30     52     22     41    359      2      0     19
2026-04-23 13:29:02,060 | INFO |     DF      0      0      5      1      2     37      0      3
2026-04-23 13:29:02,061 | INFO |   VASC      0      2      0      0      0      1     48      0
2026-04-23 13:29:02,062 | INFO |    SCC      4      0     18     14      9      1      0     80
2026-04-23 13:29:02,424 | INFO | Confusion matrix saved → /scratch/wpl3a/isic2019/checkpoints/confusion_matrix_best.png
2026-04-23 13:29:02,582 | INFO | History saved to /scratch/wpl3a/isic2019/checkpoints/history.json
2026-04-23 13:29:02,590 | INFO | 
Done in 220.1 min
2026-04-23 13:29:02,591 | INFO | Best   | epoch=25 | bacc=0.7321
2026-04-23 13:29:02,592 | INFO | Final  | acc=0.7604 | bacc=0.7316 | sens=0.7321 | spec=0.9592 | f1=0.6813 | auc=0.9525
2026-04-23 13:29:02,593 | INFO | 
Per-class AUC:
2026-04-23 13:29:02,594 | INFO |   MEL: 0.9003 | 
2026-04-23 13:29:02,595 | INFO |   NV: 0.9379 | 
2026-04-23 13:29:02,595 | INFO |   BCC: 0.9704 | 
2026-04-23 13:29:02,596 | INFO |   AK: 0.9522 | 
2026-04-23 13:29:02,597 | INFO |   BKL: 0.9226 | 
2026-04-23 13:29:02,598 | INFO |   DF: 0.9592 | 
2026-04-23 13:29:02,598 | INFO |   VASC: 0.9993 | 
2026-04-23 13:29:02,599 | INFO |   SCC: 0.9685 | 
2026-04-23 13:29:02,600 | INFO | 
2026-04-23 13:29:02,602 | INFO | 
History saved to /scratch/wpl3a/isic2019/checkpoints/history.json
2026-04-23 13:30:03,917 | INFO | 
=== Benchmark: mobilenet_v3_small (weighted_ce, aug=standard) ===
2026-04-23 13:30:03,918 | INFO |   params_total: 1526056
2026-04-23 13:30:03,919 | INFO |   params_trainable: 1526056
2026-04-23 13:30:03,920 | INFO |   size_mb: 5.82
2026-04-23 13:30:03,921 | INFO |   inference_ms: 6.75
2026-04-23 13:30:03,921 | INFO |   gflops: None
2026-04-23 13:30:05,332 | INFO | Checkpoint artifact logged to W&B
2026-04-23 13:30:08,126 | INFO | W&B run finished.
2026-04-23 13:30:08,132 | INFO | History saved to /scratch/wpl3a/isic2019/checkpoints/history.json
2026-04-23 13:30:24,963 | INFO | Saved: all_runs_summary.csv
2026-04-23 13:30:25,425 | INFO | Saved metrics to: metrics_mbnt_noFreezeBB_weighted_ce.csv
2026-04-23 13:30:42,525 | INFO | Saved: all_runs_summary.csv
2026-04-23 13:30:42,526 | INFO |       run_id                                               name     state  \
16  1dl5ps9o  mobilenet_v3_small_weighted_ce_standard_pretra...  finished   
85  78ol5tlu  mobilenetv3_small_weighted_ce_standard_pretrai...  finished   
33  vivht0cq  mobilenet_v3_small_weighted_ce_standard_pretra...  finished   
5   7zi5n5tq  mobilenet_v3_small_weighted_ce_standard_pretra...  finished   
81  3p1nbyo6       mobilenetv3_small_ce_standard_pretrainedTrue  finished   

          architecture      loss_fn augmentation pretrained freeze_bb      lr  \
16  mobilenet_v3_small  weighted_ce     standard       True     False  0.0001   
85   mobilenetv3_small  weighted_ce     standard       True     False  0.0001   
33  mobilenet_v3_small  weighted_ce     standard       True     False  0.0001   
5   mobilenet_v3_small  weighted_ce     standard       True     False  0.0001   
81   mobilenetv3_small           ce     standard       True     False  0.0001   

    batch_size  best_bacc  best_acc  best_f1_macro  best_auc_macro  \
16        32.0   0.738802       NaN            NaN             NaN   
85         8.0   0.732075  0.756266       0.681286        0.951265   
33        32.0   0.413059       NaN            NaN             NaN   
5         32.0   0.413059       NaN            NaN             NaN   
81         8.0   0.411544  0.666667       0.386135        0.774275   

    best_precision  best_recall     params  inference_ms  
16             NaN          NaN  1526056.0          6.88  
85        0.648019     0.732075  1526056.0          6.75  
33             NaN          NaN  1526056.0          5.37  
5              NaN          NaN  1526056.0          6.13  
81        0.398752     0.411544  1526056.0          4.91  
2026-04-23 13:31:00,778 | INFO | Data loaded:
2026-04-23 13:31:00,779 | INFO |       run_id                                               name  \
5   7zi5n5tq  mobilenet_v3_small_weighted_ce_standard_pretra...   
8   v0ii2tcd  mobilenet_v3_small_weighted_ce_standard_pretra...   
16  1dl5ps9o  mobilenet_v3_small_weighted_ce_standard_pretra...   
29  nzuy2c16  mobilenet_v3_small_weighted_ce_standard_pretra...   
32  ian0rllh  mobilenet_v3_small_weighted_ce_standard_pretra...   

          architecture      loss_fn augmentation pretrained freeze_bb    lr  \
5   mobilenet_v3_small  weighted_ce     standard       True      None  None   
8   mobilenet_v3_small  weighted_ce     standard       True      None  None   
16  mobilenet_v3_small  weighted_ce     standard       True      None  None   
29  mobilenet_v3_small  weighted_ce     standard       True      None  None   
32  mobilenet_v3_small  weighted_ce     standard       True      None  None   

   batch_size  best_bacc  best_acc  best_f1_macro  best_auc_macro  \
5        None   0.413059       NaN            NaN             NaN   
8        None   0.329269       NaN            NaN             NaN   
16       None   0.738802       NaN            NaN             NaN   
29       None   0.391510       NaN            NaN             NaN   
32       None   0.277441       NaN            NaN             NaN   

    best_precision  best_recall     params  inference_ms  
5              NaN          NaN  1526056.0          6.13  
8              NaN          NaN  1526056.0          5.31  
16             NaN          NaN  1526056.0          6.88  
29             NaN          NaN  1526056.0          5.89  
32             NaN          NaN  1526056.0          5.43  
