2026-04-24 03:37:17,080 | INFO | Loaded logger
2026-04-24 03:37:17,088 | INFO | 
Starting setup and imports
2026-04-24 03:37:38,444 | INFO | Imports OK
2026-04-24 03:37:38,729 | INFO | 
Setup and imports complete
2026-04-24 03:37:38,819 | INFO | 
Data files already present, skipping download and unzip
2026-04-24 03:37:38,824 | INFO | 
Data ready - downloaded and unzipped.
2026-04-24 03:37:38,984 | INFO | 
Device: cuda
2026-04-24 03:37:38,985 | INFO | Config: {'architecture': 'mobilenetv3_small', 'pretrained': True, 'freeze_bb': True, 'loss_fn': 'ce', 'augmentation': 'standard', 'img_size': 224, 'batch_size': 8, 'epochs': 30, 'lr': 0.0001, 'val_split': 0.2, 'patience': 10, 'seed': 42, 'classes': ['MEL', 'NV', 'BCC', 'AK', 'BKL', 'DF', 'VASC', 'SCC'], 'dropout': 0.2, 'min_delta': 0.001, 'num_classes': 8}
2026-04-24 03:37:39,000 | INFO | 
Seed set to 42
2026-04-24 03:37:39,493 | INFO | <class 'torchvision.models.mobilenetv3.MobileNetV3'>
2026-04-24 03:37:39,494 | INFO | 
Model loaded OK
2026-04-24 03:37:39,569 | INFO | 
Split complete: 
2026-04-24 03:37:39,570 | INFO | Train: 20264 | Val: 5067 | Test: 8238
2026-04-24 03:37:39,576 | INFO | 
Class frequencies:
2026-04-24 03:37:39,579 | INFO | 
TRAIN (20264 images):
2026-04-24 03:37:39,580 | INFO |   MEL   :  3618  (17.9%)
2026-04-24 03:37:39,581 | INFO |   NV    : 10300  (50.8%)
2026-04-24 03:37:39,582 | INFO |   BCC   :  2658  (13.1%)
2026-04-24 03:37:39,582 | INFO |   AK    :   694  ( 3.4%)
2026-04-24 03:37:39,583 | INFO |   BKL   :  2099  (10.4%)
2026-04-24 03:37:39,584 | INFO |   DF    :   191  ( 0.9%)
2026-04-24 03:37:39,584 | INFO |   VASC  :   202  ( 1.0%)
2026-04-24 03:37:39,585 | INFO |   SCC   :   502  ( 2.5%)
2026-04-24 03:37:39,586 | INFO | 
VAL (5067 images):
2026-04-24 03:37:39,587 | INFO |   MEL   :   904  (17.8%)
2026-04-24 03:37:39,588 | INFO |   NV    :  2575  (50.8%)
2026-04-24 03:37:39,588 | INFO |   BCC   :   665  (13.1%)
2026-04-24 03:37:39,589 | INFO |   AK    :   173  ( 3.4%)
2026-04-24 03:37:39,590 | INFO |   BKL   :   525  (10.4%)
2026-04-24 03:37:39,590 | INFO |   DF    :    48  ( 0.9%)
2026-04-24 03:37:39,591 | INFO |   VASC  :    51  ( 1.0%)
2026-04-24 03:37:39,592 | INFO |   SCC   :   126  ( 2.5%)
2026-04-24 03:37:39,613 | INFO | 
Subset — train: 20264, val: 5067, test: 8238
2026-04-24 03:37:39,614 | INFO | Working with 100.00% of data
2026-04-24 03:37:39,621 | INFO | 
Dataset loaders ready!
2026-04-24 03:37:39,630 | INFO | 
Class counts:
label
0     3618
1    10300
2     2658
3      694
4     2099
5      191
6      202
7      502
Name: count, dtype: int64
2026-04-24 03:37:39,631 | INFO | 
Total samples: 20264
2026-04-24 03:37:39,632 | INFO | Raw inverse weights: [2.76395799e-04 9.70873786e-05 3.76222724e-04 1.44092219e-03
 4.76417342e-04 5.23560209e-03 4.95049505e-03 1.99203187e-03]
2026-04-24 03:37:39,795 | INFO | Normalized class weights: tensor([0.1489, 0.0523, 0.2027, 0.7765, 0.2567, 2.8214, 2.6678, 1.0735],
       device='cuda:0')
2026-04-24 03:37:39,813 | INFO | Sum of weights: 8.0
2026-04-24 03:37:39,815 | INFO | Class 0: count=3618, weight=0.1489
2026-04-24 03:37:39,816 | INFO | Class 1: count=10300, weight=0.0523
2026-04-24 03:37:39,816 | INFO | Class 2: count=2658, weight=0.2027
2026-04-24 03:37:39,817 | INFO | Class 3: count=694, weight=0.7765
2026-04-24 03:37:39,818 | INFO | Class 4: count=2099, weight=0.2567
2026-04-24 03:37:39,819 | INFO | Class 5: count=191, weight=2.8214
2026-04-24 03:37:39,819 | INFO | Class 6: count=202, weight=2.6678
2026-04-24 03:37:39,820 | INFO | Class 7: count=502, weight=1.0735
2026-04-24 03:37:39,821 | INFO | Loss function: CrossEntropyLoss()
2026-04-24 03:37:39,822 | INFO | Unique labels: [np.int64(0), np.int64(1), np.int64(2), np.int64(3), np.int64(4), np.int64(5), np.int64(6), np.int64(7)]
2026-04-24 03:37:43,406 | INFO | 
Training | pretrained=True | loss=ce

2026-04-24 03:43:53,337 | INFO | Epoch   1/30 | loss=1.1705 | acc=0.6459 | bacc=0.2834 | sens=0.2834 | spec=0.9279 | prec=0.3141 | rec=0.2834 | f1=0.2856 | auc=0.8575
2026-04-24 03:43:53,362 | INFO |   saved
2026-04-24 03:50:27,369 | INFO | Epoch   2/30 | loss=1.0813 | acc=0.6347 | bacc=0.2920 | sens=0.2920 | spec=0.9200 | prec=0.4909 | rec=0.2920 | f1=0.3164 | auc=0.8677
2026-04-24 03:50:27,393 | INFO |   saved
2026-04-24 03:56:27,092 | INFO | Epoch   3/30 | loss=1.0541 | acc=0.6487 | bacc=0.3372 | sens=0.3372 | spec=0.9292 | prec=0.4654 | rec=0.3372 | f1=0.3472 | auc=0.8770
2026-04-24 03:56:27,116 | INFO |   saved
2026-04-24 04:02:46,873 | INFO | Epoch   4/30 | loss=1.0419 | acc=0.6615 | bacc=0.3398 | sens=0.3398 | spec=0.9314 | prec=0.4571 | rec=0.3398 | f1=0.3680 | auc=0.8823
2026-04-24 04:02:46,896 | INFO |   saved
2026-04-24 04:08:43,057 | INFO | Epoch   5/30 | loss=1.0233 | acc=0.6578 | bacc=0.3459 | sens=0.3459 | spec=0.9307 | prec=0.4806 | rec=0.3459 | f1=0.3655 | auc=0.8864
2026-04-24 04:08:43,080 | INFO |   saved
2026-04-24 04:14:39,545 | INFO | Epoch   6/30 | loss=1.0230 | acc=0.6690 | bacc=0.3857 | sens=0.3857 | spec=0.9355 | prec=0.4683 | rec=0.3857 | f1=0.3930 | auc=0.8876
2026-04-24 04:14:39,568 | INFO |   saved
2026-04-24 04:20:34,949 | INFO | Epoch   7/30 | loss=1.0110 | acc=0.6655 | bacc=0.3705 | sens=0.3705 | spec=0.9361 | prec=0.5105 | rec=0.3705 | f1=0.3841 | auc=0.8899
2026-04-24 04:20:34,952 | INFO |   (no improve 1/10)
2026-04-24 04:26:29,183 | INFO | Epoch   8/30 | loss=1.0034 | acc=0.6677 | bacc=0.3871 | sens=0.3871 | spec=0.9356 | prec=0.5415 | rec=0.3871 | f1=0.4146 | auc=0.8897
2026-04-24 04:26:29,206 | INFO |   saved
2026-04-24 04:32:31,241 | INFO | Epoch   9/30 | loss=0.9983 | acc=0.6643 | bacc=0.3741 | sens=0.3741 | spec=0.9315 | prec=0.5555 | rec=0.3741 | f1=0.3737 | auc=0.8906
2026-04-24 04:32:31,242 | INFO |   (no improve 1/10)
2026-04-24 04:38:31,459 | INFO | Epoch  10/30 | loss=0.9938 | acc=0.6694 | bacc=0.3761 | sens=0.3761 | spec=0.9344 | prec=0.5659 | rec=0.3761 | f1=0.3956 | auc=0.8931
2026-04-24 04:38:31,460 | INFO |   (no improve 2/10)
2026-04-24 04:44:31,682 | INFO | Epoch  11/30 | loss=0.9868 | acc=0.6665 | bacc=0.3675 | sens=0.3675 | spec=0.9285 | prec=0.5934 | rec=0.3675 | f1=0.3969 | auc=0.8938
2026-04-24 04:44:31,684 | INFO |   (no improve 3/10)
2026-04-24 04:50:32,147 | INFO | Epoch  12/30 | loss=0.9754 | acc=0.6649 | bacc=0.3656 | sens=0.3656 | spec=0.9296 | prec=0.4765 | rec=0.3656 | f1=0.3863 | auc=0.8944
2026-04-24 04:50:32,148 | INFO |   (no improve 4/10)
2026-04-24 04:56:34,845 | INFO | Epoch  13/30 | loss=0.9835 | acc=0.6726 | bacc=0.3789 | sens=0.3789 | spec=0.9323 | prec=0.5115 | rec=0.3789 | f1=0.4017 | auc=0.8977
2026-04-24 04:56:34,846 | INFO |   (no improve 5/10)
2026-04-24 05:02:38,624 | INFO | Epoch  14/30 | loss=0.9773 | acc=0.6694 | bacc=0.3929 | sens=0.3929 | spec=0.9315 | prec=0.5485 | rec=0.3929 | f1=0.4199 | auc=0.8973
2026-04-24 05:02:38,646 | INFO |   saved
2026-04-24 05:08:41,713 | INFO | Epoch  15/30 | loss=0.9671 | acc=0.6750 | bacc=0.4006 | sens=0.4006 | spec=0.9338 | prec=0.5639 | rec=0.4006 | f1=0.4331 | auc=0.8983
2026-04-24 05:08:41,737 | INFO |   saved
2026-04-24 05:14:43,434 | INFO | Epoch  16/30 | loss=0.9679 | acc=0.6754 | bacc=0.4104 | sens=0.4104 | spec=0.9341 | prec=0.5403 | rec=0.4104 | f1=0.4434 | auc=0.8989
2026-04-24 05:14:43,457 | INFO |   saved
2026-04-24 05:20:45,183 | INFO | Epoch  17/30 | loss=0.9690 | acc=0.6696 | bacc=0.3935 | sens=0.3935 | spec=0.9300 | prec=0.5612 | rec=0.3935 | f1=0.4223 | auc=0.8989
2026-04-24 05:20:45,184 | INFO |   (no improve 1/10)
2026-04-24 05:26:47,200 | INFO | Epoch  18/30 | loss=0.9546 | acc=0.6732 | bacc=0.4044 | sens=0.4044 | spec=0.9323 | prec=0.5625 | rec=0.4044 | f1=0.4281 | auc=0.9003
2026-04-24 05:26:47,201 | INFO |   (no improve 2/10)
2026-04-24 05:32:49,878 | INFO | Epoch  19/30 | loss=0.9521 | acc=0.6823 | bacc=0.4325 | sens=0.4325 | spec=0.9366 | prec=0.5639 | rec=0.4325 | f1=0.4554 | auc=0.9017
2026-04-24 05:32:49,901 | INFO |   saved
2026-04-24 05:38:52,907 | INFO | Epoch  20/30 | loss=0.9589 | acc=0.6813 | bacc=0.4189 | sens=0.4189 | spec=0.9353 | prec=0.5700 | rec=0.4189 | f1=0.4452 | auc=0.9013
2026-04-24 05:38:52,909 | INFO |   (no improve 1/10)
2026-04-24 05:44:56,829 | INFO | Epoch  21/30 | loss=0.9457 | acc=0.6819 | bacc=0.4212 | sens=0.4212 | spec=0.9354 | prec=0.5820 | rec=0.4212 | f1=0.4510 | auc=0.9004
2026-04-24 05:44:56,830 | INFO |   (no improve 2/10)
2026-04-24 05:51:00,319 | INFO | Epoch  22/30 | loss=0.9488 | acc=0.6815 | bacc=0.4230 | sens=0.4230 | spec=0.9358 | prec=0.5604 | rec=0.4230 | f1=0.4511 | auc=0.9013
2026-04-24 05:51:00,321 | INFO |   (no improve 3/10)
2026-04-24 05:57:02,751 | INFO | Epoch  23/30 | loss=0.9456 | acc=0.6744 | bacc=0.4132 | sens=0.4132 | spec=0.9332 | prec=0.5575 | rec=0.4132 | f1=0.4370 | auc=0.9004
2026-04-24 05:57:02,753 | INFO |   (no improve 4/10)
2026-04-24 06:03:00,524 | INFO | Epoch  24/30 | loss=0.9447 | acc=0.6783 | bacc=0.4194 | sens=0.4194 | spec=0.9346 | prec=0.5624 | rec=0.4194 | f1=0.4453 | auc=0.9020
2026-04-24 06:03:00,525 | INFO |   (no improve 5/10)
2026-04-24 06:09:00,832 | INFO | Epoch  25/30 | loss=0.9367 | acc=0.6803 | bacc=0.4291 | sens=0.4291 | spec=0.9348 | prec=0.5723 | rec=0.4291 | f1=0.4545 | auc=0.9021
2026-04-24 06:09:00,833 | INFO |   (no improve 6/10)
2026-04-24 06:14:56,749 | INFO | Epoch  26/30 | loss=0.9447 | acc=0.6732 | bacc=0.4148 | sens=0.4148 | spec=0.9320 | prec=0.5746 | rec=0.4148 | f1=0.4447 | auc=0.9015
2026-04-24 06:14:56,751 | INFO |   (no improve 7/10)
2026-04-24 06:20:54,170 | INFO | Epoch  27/30 | loss=0.9359 | acc=0.6815 | bacc=0.4216 | sens=0.4216 | spec=0.9354 | prec=0.5569 | rec=0.4216 | f1=0.4458 | auc=0.9016
2026-04-24 06:20:54,171 | INFO |   (no improve 8/10)
2026-04-24 06:26:50,188 | INFO | Epoch  28/30 | loss=0.9342 | acc=0.6763 | bacc=0.4227 | sens=0.4227 | spec=0.9332 | prec=0.5690 | rec=0.4227 | f1=0.4506 | auc=0.9013
2026-04-24 06:26:50,189 | INFO |   (no improve 9/10)
2026-04-24 06:32:49,544 | INFO | Epoch  29/30 | loss=0.9321 | acc=0.6832 | bacc=0.4312 | sens=0.4312 | spec=0.9357 | prec=0.5704 | rec=0.4312 | f1=0.4597 | auc=0.9020
2026-04-24 06:32:49,545 | INFO |   (no improve 10/10)
2026-04-24 06:32:49,546 | INFO | 
Early stopping at epoch 29.
2026-04-24 06:32:49,547 | INFO | 
Per-class AUC:
2026-04-24 06:32:49,548 | INFO |   MEL: 0.8320 | 
2026-04-24 06:32:49,548 | INFO |   NV: 0.9052 | 
2026-04-24 06:32:49,549 | INFO |   BCC: 0.9317 | 
2026-04-24 06:32:49,550 | INFO |   AK: 0.9043 | 
2026-04-24 06:32:49,550 | INFO |   BKL: 0.8544 | 
2026-04-24 06:32:49,551 | INFO |   DF: 0.8860 | 
2026-04-24 06:32:49,552 | INFO |   VASC: 0.9853 | 
2026-04-24 06:32:49,552 | INFO |   SCC: 0.9174 | 
2026-04-24 06:32:49,553 | INFO | 
2026-04-24 06:32:49,554 | INFO | 
Done in 175.1 min
2026-04-24 06:32:49,555 | INFO | Best  | epoch=19 | bacc=0.4325
2026-04-24 06:32:49,555 | INFO | Final | acc=0.6832 | bacc=0.4312 | sens=0.4312 | spec=0.9357 | prec_macro=0.5704 | rec_macro=0.4312 | f1_macro=0.4597 | prec_wtd=0.6636 | rec_wtd=0.6832 | f1_wtd=0.6514 | auc=0.9020
2026-04-24 06:32:49,556 | INFO | 
Confusion Matrix — Final Epoch
2026-04-24 06:32:49,557 | INFO |         MEL     NV    BCC     AK    BKL     DF   VASC    SCC
2026-04-24 06:32:49,558 | INFO |    MEL    369    382     77     21     48      1      5      1
2026-04-24 06:32:49,558 | INFO |     NV     86   2395     50      3     31      4      6      0
2026-04-24 06:32:49,559 | INFO |    BCC     29    134    463     19     13      0      2      5
2026-04-24 06:32:49,560 | INFO |     AK     14     44     66     38      9      0      1      1
2026-04-24 06:32:49,560 | INFO |    BKL     43    243     61     31    142      1      2      2
2026-04-24 06:32:49,561 | INFO |     DF      0     28     10      1      1      8      0      0
2026-04-24 06:32:49,562 | INFO |   VASC      2     11      3      0      1      0     33      1
2026-04-24 06:32:49,562 | INFO |    SCC      7     24     58      7     12      4      0     14
2026-04-24 06:32:49,936 | INFO | Confusion matrix saved → /scratch/wpl3a/isic2019/checkpoints/confusion_matrix_final.png
2026-04-24 06:33:46,289 | INFO | 
Confusion Matrix — Best Epoch (19)
2026-04-24 06:33:46,291 | INFO |         MEL     NV    BCC     AK    BKL     DF   VASC    SCC
2026-04-24 06:33:46,292 | INFO |    MEL    360    384     89     18     44      3      5      1
2026-04-24 06:33:46,293 | INFO |     NV     76   2387     67      5     29      4      7      0
2026-04-24 06:33:46,294 | INFO |    BCC     27    118    484     16     13      1      3      3
2026-04-24 06:33:46,294 | INFO |     AK     11     30     81     37     11      0      1      2
2026-04-24 06:33:46,295 | INFO |    BKL     44    231     78     34    134      0      2      2
2026-04-24 06:33:46,296 | INFO |     DF      0     27      9      1      1      9      0      1
2026-04-24 06:33:46,296 | INFO |   VASC      2     10      5      0      1      0     33      0
2026-04-24 06:33:46,297 | INFO |    SCC      4     22     65      7     11      4      0     13
2026-04-24 06:33:46,638 | INFO | Confusion matrix saved → /scratch/wpl3a/isic2019/checkpoints/confusion_matrix_best.png
2026-04-24 06:33:46,802 | INFO | History saved to /scratch/wpl3a/isic2019/checkpoints/history.json
2026-04-24 06:33:46,809 | INFO | 
Done in 176.1 min
2026-04-24 06:33:46,810 | INFO | Best   | epoch=19 | bacc=0.4325
2026-04-24 06:33:46,811 | INFO | Final  | acc=0.6832 | bacc=0.4312 | sens=0.4325 | spec=0.9366 | f1=0.4554 | auc=0.9020
2026-04-24 06:33:46,812 | INFO | 
Per-class AUC:
2026-04-24 06:33:46,813 | INFO |   MEL: 0.8319 | 
2026-04-24 06:33:46,813 | INFO |   NV: 0.9046 | 
2026-04-24 06:33:46,814 | INFO |   BCC: 0.9317 | 
2026-04-24 06:33:46,815 | INFO |   AK: 0.9025 | 
2026-04-24 06:33:46,815 | INFO |   BKL: 0.8518 | 
2026-04-24 06:33:46,816 | INFO |   DF: 0.8907 | 
2026-04-24 06:33:46,817 | INFO |   VASC: 0.9860 | 
2026-04-24 06:33:46,817 | INFO |   SCC: 0.9146 | 
2026-04-24 06:33:46,818 | INFO | 
2026-04-24 06:33:46,820 | INFO | 
History saved to /scratch/wpl3a/isic2019/checkpoints/history.json
2026-04-24 06:34:41,946 | INFO | 
=== Benchmark: mobilenet_v3_small (ce, aug=standard) ===
2026-04-24 06:34:41,947 | INFO |   params_total: 1526056
2026-04-24 06:34:41,948 | INFO |   params_trainable: 599048
2026-04-24 06:34:41,949 | INFO |   size_mb: 5.82
2026-04-24 06:34:41,949 | INFO |   inference_ms: 5.23
2026-04-24 06:34:41,950 | INFO |   gflops: None
2026-04-24 06:34:43,312 | INFO | Checkpoint artifact logged to W&B
2026-04-24 06:34:46,157 | INFO | W&B run finished.
2026-04-24 06:34:46,160 | INFO | History saved to /scratch/wpl3a/isic2019/checkpoints/history.json
2026-04-24 06:35:07,897 | INFO | Saved: all_runs_summary.csv
2026-04-24 06:35:08,106 | INFO | Saved metrics to: metrics_mbnt_freezeBB_ce.csv
2026-04-24 06:35:49,877 | INFO | Saved: all_runs_summary.csv
2026-04-24 06:35:49,878 | INFO |       run_id                                               name     state  \
16  1dl5ps9o  mobilenet_v3_small_weighted_ce_standard_pretra...  finished   
85  78ol5tlu  mobilenetv3_small_weighted_ce_standard_pretrai...  finished   
89  2q0buklz       mobilenetv3_small_ce_standard_pretrainedTrue  finished   
86  4kxlyxk2  mobilenetv3_small_weighted_ce_standard_pretrai...  finished   
91  v2xoloth       mobilenetv3_small_ce_standard_pretrainedTrue  finished   

          architecture      loss_fn augmentation pretrained freeze_bb      lr  \
16  mobilenet_v3_small  weighted_ce     standard       True     False  0.0001   
85   mobilenetv3_small  weighted_ce     standard       True     False  0.0001   
89   mobilenetv3_small           ce     standard       True     False  0.0001   
86   mobilenetv3_small  weighted_ce     standard       True      True  0.0001   
91   mobilenetv3_small           ce     standard       True      True  0.0001   

    batch_size  best_bacc  best_acc  best_f1_macro  best_auc_macro  \
16        32.0   0.738802       NaN            NaN             NaN   
85         8.0   0.732075  0.756266       0.681286        0.951265   
89         8.0   0.687790  0.786461       0.680733        0.959458   
86         8.0   0.548918  0.631932       0.441855        0.896018   
91         8.0   0.432486  0.682258       0.455417        0.901728   

    best_precision  best_recall     params  inference_ms  
16             NaN          NaN  1526056.0          6.88  
85        0.648019     0.732075  1526056.0          6.75  
89        0.684023     0.687790  1526056.0          6.64  
86        0.425505     0.548918  1526056.0          5.30  
91        0.563925     0.432486  1526056.0          5.23  
2026-04-24 06:36:11,269 | INFO | Data loaded:
2026-04-24 06:36:11,270 | INFO |       run_id                                               name  \
5   7zi5n5tq  mobilenet_v3_small_weighted_ce_standard_pretra...   
8   v0ii2tcd  mobilenet_v3_small_weighted_ce_standard_pretra...   
16  1dl5ps9o  mobilenet_v3_small_weighted_ce_standard_pretra...   
29  nzuy2c16  mobilenet_v3_small_weighted_ce_standard_pretra...   
32  ian0rllh  mobilenet_v3_small_weighted_ce_standard_pretra...   

          architecture      loss_fn augmentation pretrained freeze_bb    lr  \
5   mobilenet_v3_small  weighted_ce     standard       True      None  None   
8   mobilenet_v3_small  weighted_ce     standard       True      None  None   
16  mobilenet_v3_small  weighted_ce     standard       True      None  None   
29  mobilenet_v3_small  weighted_ce     standard       True      None  None   
32  mobilenet_v3_small  weighted_ce     standard       True      None  None   

   batch_size  best_bacc  best_acc  best_f1_macro  best_auc_macro  \
5        None   0.413059       NaN            NaN             NaN   
8        None   0.329269       NaN            NaN             NaN   
16       None   0.738802       NaN            NaN             NaN   
29       None   0.391510       NaN            NaN             NaN   
32       None   0.277441       NaN            NaN             NaN   

    best_precision  best_recall     params  inference_ms  
5              NaN          NaN  1526056.0          6.13  
8              NaN          NaN  1526056.0          5.31  
16             NaN          NaN  1526056.0          6.88  
29             NaN          NaN  1526056.0          5.89  
32             NaN          NaN  1526056.0          5.43  
