2026-04-24 07:03:42,318 | INFO | Loaded logger
2026-04-24 07:03:42,338 | INFO | 
Starting setup and imports
2026-04-24 07:03:51,610 | INFO | Imports OK
2026-04-24 07:03:51,871 | INFO | 
Setup and imports complete
2026-04-24 07:03:51,989 | INFO | 
Data files already present, skipping download and unzip
2026-04-24 07:03:51,993 | INFO | 
Data ready - downloaded and unzipped.
2026-04-24 07:03:52,160 | INFO | 
Device: cuda
2026-04-24 07:03:52,161 | INFO | Config: {'architecture': 'mobilenetv3_small', 'pretrained': True, 'freeze_bb': False, 'loss_fn': 'focal', 'augmentation': 'standard', 'img_size': 224, 'batch_size': 8, 'epochs': 30, 'lr': 0.0001, 'val_split': 0.2, 'patience': 10, 'seed': 42, 'classes': ['MEL', 'NV', 'BCC', 'AK', 'BKL', 'DF', 'VASC', 'SCC'], 'dropout': 0.2, 'min_delta': 0.001, 'num_classes': 8}
2026-04-24 07:03:52,179 | INFO | 
Seed set to 42
2026-04-24 07:03:52,731 | INFO | <class 'torchvision.models.mobilenetv3.MobileNetV3'>
2026-04-24 07:03:52,733 | INFO | 
Model loaded OK
2026-04-24 07:03:52,818 | INFO | 
Split complete: 
2026-04-24 07:03:52,820 | INFO | Train: 20264 | Val: 5067 | Test: 8238
2026-04-24 07:03:52,825 | INFO | 
Class frequencies:
2026-04-24 07:03:52,828 | INFO | 
TRAIN (20264 images):
2026-04-24 07:03:52,829 | INFO |   MEL   :  3618  (17.9%)
2026-04-24 07:03:52,830 | INFO |   NV    : 10300  (50.8%)
2026-04-24 07:03:52,831 | INFO |   BCC   :  2658  (13.1%)
2026-04-24 07:03:52,831 | INFO |   AK    :   694  ( 3.4%)
2026-04-24 07:03:52,832 | INFO |   BKL   :  2099  (10.4%)
2026-04-24 07:03:52,833 | INFO |   DF    :   191  ( 0.9%)
2026-04-24 07:03:52,834 | INFO |   VASC  :   202  ( 1.0%)
2026-04-24 07:03:52,834 | INFO |   SCC   :   502  ( 2.5%)
2026-04-24 07:03:52,836 | INFO | 
VAL (5067 images):
2026-04-24 07:03:52,836 | INFO |   MEL   :   904  (17.8%)
2026-04-24 07:03:52,837 | INFO |   NV    :  2575  (50.8%)
2026-04-24 07:03:52,838 | INFO |   BCC   :   665  (13.1%)
2026-04-24 07:03:52,838 | INFO |   AK    :   173  ( 3.4%)
2026-04-24 07:03:52,839 | INFO |   BKL   :   525  (10.4%)
2026-04-24 07:03:52,840 | INFO |   DF    :    48  ( 0.9%)
2026-04-24 07:03:52,840 | INFO |   VASC  :    51  ( 1.0%)
2026-04-24 07:03:52,841 | INFO |   SCC   :   126  ( 2.5%)
2026-04-24 07:03:52,845 | INFO | 
Subset — train: 20264, val: 5067, test: 8238
2026-04-24 07:03:52,847 | INFO | Working with 100.00% of data
2026-04-24 07:03:52,855 | INFO | 
Dataset loaders ready!
2026-04-24 07:03:52,865 | INFO | 
Class counts:
label
0     3618
1    10300
2     2658
3      694
4     2099
5      191
6      202
7      502
Name: count, dtype: int64
2026-04-24 07:03:52,866 | INFO | 
Total samples: 20264
2026-04-24 07:03:52,867 | INFO | Raw inverse weights: [2.76395799e-04 9.70873786e-05 3.76222724e-04 1.44092219e-03
 4.76417342e-04 5.23560209e-03 4.95049505e-03 1.99203187e-03]
2026-04-24 07:03:53,031 | INFO | Normalized class weights: tensor([0.1489, 0.0523, 0.2027, 0.7765, 0.2567, 2.8214, 2.6678, 1.0735],
       device='cuda:0')
2026-04-24 07:03:53,050 | INFO | Sum of weights: 8.0
2026-04-24 07:03:53,052 | INFO | Class 0: count=3618, weight=0.1489
2026-04-24 07:03:53,053 | INFO | Class 1: count=10300, weight=0.0523
2026-04-24 07:03:53,054 | INFO | Class 2: count=2658, weight=0.2027
2026-04-24 07:03:53,054 | INFO | Class 3: count=694, weight=0.7765
2026-04-24 07:03:53,055 | INFO | Class 4: count=2099, weight=0.2567
2026-04-24 07:03:53,056 | INFO | Class 5: count=191, weight=2.8214
2026-04-24 07:03:53,056 | INFO | Class 6: count=202, weight=2.6678
2026-04-24 07:03:53,057 | INFO | Class 7: count=502, weight=1.0735
2026-04-24 07:03:53,058 | INFO | Loss function: FocalLoss()
2026-04-24 07:03:53,059 | INFO | Unique labels: [np.int64(0), np.int64(1), np.int64(2), np.int64(3), np.int64(4), np.int64(5), np.int64(6), np.int64(7)]
2026-04-24 07:03:56,249 | INFO | 
Training | pretrained=True | loss=focal

2026-04-24 07:11:53,664 | INFO | Epoch   1/30 | loss=0.1211 | acc=0.0851 | bacc=0.3702 | sens=0.3702 | spec=0.8820 | prec=0.3307 | rec=0.3702 | f1=0.0989 | auc=0.8025
2026-04-24 07:11:53,745 | INFO |   saved
2026-04-24 07:19:43,375 | INFO | Epoch   2/30 | loss=0.0862 | acc=0.1910 | bacc=0.4571 | sens=0.4571 | spec=0.8918 | prec=0.3046 | rec=0.4571 | f1=0.1717 | auc=0.8400
2026-04-24 07:19:43,465 | INFO |   saved
2026-04-24 07:27:33,090 | INFO | Epoch   3/30 | loss=0.0775 | acc=0.1940 | bacc=0.4700 | sens=0.4700 | spec=0.8925 | prec=0.3010 | rec=0.4700 | f1=0.1826 | auc=0.8395
2026-04-24 07:27:33,126 | INFO |   saved
2026-04-24 07:35:21,279 | INFO | Epoch   4/30 | loss=0.0710 | acc=0.2572 | bacc=0.4955 | sens=0.4955 | spec=0.8995 | prec=0.3328 | rec=0.4955 | f1=0.2403 | auc=0.8459
2026-04-24 07:35:21,313 | INFO |   saved
2026-04-24 07:42:33,236 | INFO | Epoch   5/30 | loss=0.0653 | acc=0.1717 | bacc=0.4855 | sens=0.4855 | spec=0.8908 | prec=0.3226 | rec=0.4855 | f1=0.1926 | auc=0.8371
2026-04-24 07:42:33,238 | INFO |   (no improve 1/10)
2026-04-24 07:50:12,342 | INFO | Epoch   6/30 | loss=0.0556 | acc=0.2471 | bacc=0.5363 | sens=0.5363 | spec=0.8989 | prec=0.3076 | rec=0.5363 | f1=0.2388 | auc=0.8531
2026-04-24 07:50:12,397 | INFO |   saved
2026-04-24 07:57:54,341 | INFO | Epoch   7/30 | loss=0.0527 | acc=0.2429 | bacc=0.5207 | sens=0.5207 | spec=0.8979 | prec=0.3349 | rec=0.5207 | f1=0.2573 | auc=0.8496
2026-04-24 07:57:54,343 | INFO |   (no improve 1/10)
2026-04-24 08:05:31,376 | INFO | Epoch   8/30 | loss=0.0516 | acc=0.2534 | bacc=0.5327 | sens=0.5327 | spec=0.8999 | prec=0.3323 | rec=0.5327 | f1=0.2438 | auc=0.8599
2026-04-24 08:05:31,378 | INFO |   (no improve 2/10)
2026-04-24 08:12:32,842 | INFO | Epoch   9/30 | loss=0.0456 | acc=0.2917 | bacc=0.5316 | sens=0.5316 | spec=0.9041 | prec=0.3795 | rec=0.5316 | f1=0.2973 | auc=0.8695
2026-04-24 08:12:32,844 | INFO |   (no improve 3/10)
2026-04-24 08:19:34,437 | INFO | Epoch  10/30 | loss=0.0472 | acc=0.3091 | bacc=0.5576 | sens=0.5576 | spec=0.9070 | prec=0.3530 | rec=0.5576 | f1=0.2937 | auc=0.8605
2026-04-24 08:19:34,503 | INFO |   saved
2026-04-24 08:26:38,069 | INFO | Epoch  11/30 | loss=0.0393 | acc=0.3393 | bacc=0.5859 | sens=0.5859 | spec=0.9100 | prec=0.3509 | rec=0.5859 | f1=0.3095 | auc=0.8778
2026-04-24 08:26:38,094 | INFO |   saved
2026-04-24 08:33:44,102 | INFO | Epoch  12/30 | loss=0.0388 | acc=0.3053 | bacc=0.5761 | sens=0.5761 | spec=0.9059 | prec=0.3512 | rec=0.5761 | f1=0.3001 | auc=0.8690
2026-04-24 08:33:44,104 | INFO |   (no improve 1/10)
2026-04-24 08:40:49,135 | INFO | Epoch  13/30 | loss=0.0379 | acc=0.3545 | bacc=0.6010 | sens=0.6010 | spec=0.9117 | prec=0.3755 | rec=0.6010 | f1=0.3322 | auc=0.8874
2026-04-24 08:40:49,160 | INFO |   saved
2026-04-24 08:47:47,441 | INFO | Epoch  14/30 | loss=0.0328 | acc=0.3306 | bacc=0.5802 | sens=0.5802 | spec=0.9093 | prec=0.3522 | rec=0.5802 | f1=0.3166 | auc=0.8760
2026-04-24 08:47:47,443 | INFO |   (no improve 1/10)
2026-04-24 08:54:47,012 | INFO | Epoch  15/30 | loss=0.0310 | acc=0.3308 | bacc=0.5881 | sens=0.5881 | spec=0.9091 | prec=0.3674 | rec=0.5881 | f1=0.3183 | auc=0.8785
2026-04-24 08:54:47,015 | INFO |   (no improve 2/10)
2026-04-24 09:01:45,317 | INFO | Epoch  16/30 | loss=0.0300 | acc=0.3300 | bacc=0.5899 | sens=0.5899 | spec=0.9092 | prec=0.3505 | rec=0.5899 | f1=0.3025 | auc=0.8791
2026-04-24 09:01:45,319 | INFO |   (no improve 3/10)
2026-04-24 09:08:41,459 | INFO | Epoch  17/30 | loss=0.0287 | acc=0.3365 | bacc=0.6078 | sens=0.6078 | spec=0.9099 | prec=0.3587 | rec=0.6078 | f1=0.3263 | auc=0.8780
2026-04-24 09:08:41,520 | INFO |   saved
2026-04-24 09:15:39,626 | INFO | Epoch  18/30 | loss=0.0272 | acc=0.3578 | bacc=0.6124 | sens=0.6124 | spec=0.9124 | prec=0.3646 | rec=0.6124 | f1=0.3282 | auc=0.8812
2026-04-24 09:15:39,650 | INFO |   saved
2026-04-24 09:22:34,988 | INFO | Epoch  19/30 | loss=0.0258 | acc=0.3835 | bacc=0.6225 | sens=0.6225 | spec=0.9155 | prec=0.3625 | rec=0.6225 | f1=0.3490 | auc=0.8852
2026-04-24 09:22:35,014 | INFO |   saved
2026-04-24 09:29:35,792 | INFO | Epoch  20/30 | loss=0.0233 | acc=0.3756 | bacc=0.6243 | sens=0.6243 | spec=0.9145 | prec=0.3710 | rec=0.6243 | f1=0.3564 | auc=0.8847
2026-04-24 09:29:35,821 | INFO |   saved
2026-04-24 09:36:36,759 | INFO | Epoch  21/30 | loss=0.0233 | acc=0.3908 | bacc=0.6471 | sens=0.6471 | spec=0.9161 | prec=0.3752 | rec=0.6471 | f1=0.3660 | auc=0.8925
2026-04-24 09:36:36,783 | INFO |   saved
2026-04-24 09:43:33,295 | INFO | Epoch  22/30 | loss=0.0222 | acc=0.4093 | bacc=0.6505 | sens=0.6505 | spec=0.9179 | prec=0.3974 | rec=0.6505 | f1=0.3999 | auc=0.8944
2026-04-24 09:43:33,318 | INFO |   saved
2026-04-24 09:50:32,217 | INFO | Epoch  23/30 | loss=0.0214 | acc=0.3651 | bacc=0.6262 | sens=0.6262 | spec=0.9132 | prec=0.3747 | rec=0.6262 | f1=0.3583 | auc=0.8836
2026-04-24 09:50:32,218 | INFO |   (no improve 1/10)
2026-04-24 09:57:33,027 | INFO | Epoch  24/30 | loss=0.0208 | acc=0.3886 | bacc=0.6398 | sens=0.6398 | spec=0.9160 | prec=0.3848 | rec=0.6398 | f1=0.3746 | auc=0.8892
2026-04-24 09:57:33,028 | INFO |   (no improve 2/10)
2026-04-24 10:04:35,107 | INFO | Epoch  25/30 | loss=0.0200 | acc=0.3971 | bacc=0.6408 | sens=0.6408 | spec=0.9171 | prec=0.3916 | rec=0.6408 | f1=0.3849 | auc=0.8889
2026-04-24 10:04:35,109 | INFO |   (no improve 3/10)
2026-04-24 10:11:33,118 | INFO | Epoch  26/30 | loss=0.0197 | acc=0.4022 | bacc=0.6418 | sens=0.6418 | spec=0.9178 | prec=0.3902 | rec=0.6418 | f1=0.3858 | auc=0.8906
2026-04-24 10:11:33,120 | INFO |   (no improve 4/10)
2026-04-24 10:18:33,701 | INFO | Epoch  27/30 | loss=0.0192 | acc=0.4018 | bacc=0.6433 | sens=0.6433 | spec=0.9176 | prec=0.3959 | rec=0.6433 | f1=0.3914 | auc=0.8929
2026-04-24 10:18:33,702 | INFO |   (no improve 5/10)
2026-04-24 10:25:34,495 | INFO | Epoch  28/30 | loss=0.0188 | acc=0.3912 | bacc=0.6399 | sens=0.6399 | spec=0.9163 | prec=0.3915 | rec=0.6399 | f1=0.3820 | auc=0.8921
2026-04-24 10:25:34,497 | INFO |   (no improve 6/10)
2026-04-24 10:32:37,556 | INFO | Epoch  29/30 | loss=0.0182 | acc=0.4040 | bacc=0.6439 | sens=0.6439 | spec=0.9178 | prec=0.3941 | rec=0.6439 | f1=0.3912 | auc=0.8932
2026-04-24 10:32:37,558 | INFO |   (no improve 7/10)
2026-04-24 10:40:31,480 | INFO | Epoch  30/30 | loss=0.0185 | acc=0.3884 | bacc=0.6365 | sens=0.6365 | spec=0.9159 | prec=0.3886 | rec=0.6365 | f1=0.3810 | auc=0.8897
2026-04-24 10:40:31,484 | INFO |   (no improve 8/10)
2026-04-24 10:40:31,486 | INFO | 
Per-class AUC:
2026-04-24 10:40:31,487 | INFO |   MEL: 0.7477 | 
2026-04-24 10:40:31,488 | INFO |   NV: 0.8936 | 
2026-04-24 10:40:31,489 | INFO |   BCC: 0.9198 | 
2026-04-24 10:40:31,489 | INFO |   AK: 0.9262 | 
2026-04-24 10:40:31,490 | INFO |   BKL: 0.7303 | 
2026-04-24 10:40:31,491 | INFO |   DF: 0.9412 | 
2026-04-24 10:40:31,491 | INFO |   VASC: 0.9985 | 
2026-04-24 10:40:31,492 | INFO |   SCC: 0.9601 | 
2026-04-24 10:40:31,493 | INFO | 
2026-04-24 10:40:31,494 | INFO | 
Done in 216.6 min
2026-04-24 10:40:31,494 | INFO | Best  | epoch=22 | bacc=0.6505
2026-04-24 10:40:31,495 | INFO | Final | acc=0.3884 | bacc=0.6365 | sens=0.6365 | spec=0.9159 | prec_macro=0.3886 | rec_macro=0.6365 | f1_macro=0.3810 | prec_wtd=0.6908 | rec_wtd=0.3884 | f1_wtd=0.4141 | auc=0.8897
2026-04-24 10:40:31,496 | INFO | 
Confusion Matrix — Final Epoch
2026-04-24 10:40:31,497 | INFO |         MEL     NV    BCC     AK    BKL     DF   VASC    SCC
2026-04-24 10:40:31,498 | INFO |    MEL    371     12     29    154    241     27      8     62
2026-04-24 10:40:31,499 | INFO |     NV    449    709    131    191    809    120     86     80
2026-04-24 10:40:31,499 | INFO |    BCC     11      0    269    213     20     22     14    116
2026-04-24 10:40:31,500 | INFO |     AK      0      0      4    141      3      1      1     23
2026-04-24 10:40:31,501 | INFO |    BKL     20      3     21    132    285      8      2     54
2026-04-24 10:40:31,501 | INFO |     DF      0      0      1      4      0     41      0      2
2026-04-24 10:40:31,502 | INFO |   VASC      0      0      0      0      1      0     50      0
2026-04-24 10:40:31,503 | INFO |    SCC      0      0      1     19      3      1      0    102
2026-04-24 10:40:31,995 | INFO | Confusion matrix saved → /scratch/wpl3a/isic2019/checkpoints/confusion_matrix_final.png
2026-04-24 10:41:53,292 | INFO | 
Confusion Matrix — Best Epoch (22)
2026-04-24 10:41:53,297 | INFO |         MEL     NV    BCC     AK    BKL     DF   VASC    SCC
2026-04-24 10:41:53,298 | INFO |    MEL    466     11     28    135    183     28      7     46
2026-04-24 10:41:53,299 | INFO |     NV    688    728    132    128    647    119     71     62
2026-04-24 10:41:53,300 | INFO |    BCC     13      0    265    194     25     38     11    119
2026-04-24 10:41:53,300 | INFO |     AK      0      0      4    141      5      1      1     21
2026-04-24 10:41:53,301 | INFO |    BKL     40      2     14    129    281      8      1     50
2026-04-24 10:41:53,302 | INFO |     DF      0      0      2      1      1     42      0      2
2026-04-24 10:41:53,302 | INFO |   VASC      0      0      0      0      1      0     50      0
2026-04-24 10:41:53,303 | INFO |    SCC      3      0      2     16      3      1      0    101
2026-04-24 10:41:53,796 | INFO | Confusion matrix saved → /scratch/wpl3a/isic2019/checkpoints/confusion_matrix_best.png
2026-04-24 10:41:54,043 | INFO | History saved to /scratch/wpl3a/isic2019/checkpoints/history.json
2026-04-24 10:41:54,050 | INFO | 
Done in 218.0 min
2026-04-24 10:41:54,051 | INFO | Best   | epoch=22 | bacc=0.6505
2026-04-24 10:41:54,052 | INFO | Final  | acc=0.3884 | bacc=0.6365 | sens=0.6505 | spec=0.9179 | f1=0.3999 | auc=0.8897
2026-04-24 10:41:54,053 | INFO | 
Per-class AUC:
2026-04-24 10:41:54,054 | INFO |   MEL: 0.7499 | 
2026-04-24 10:41:54,054 | INFO |   NV: 0.8953 | 
2026-04-24 10:41:54,055 | INFO |   BCC: 0.9206 | 
2026-04-24 10:41:54,056 | INFO |   AK: 0.9288 | 
2026-04-24 10:41:54,056 | INFO |   BKL: 0.7455 | 
2026-04-24 10:41:54,057 | INFO |   DF: 0.9574 | 
2026-04-24 10:41:54,058 | INFO |   VASC: 0.9982 | 
2026-04-24 10:41:54,058 | INFO |   SCC: 0.9592 | 
2026-04-24 10:41:54,059 | INFO | 
2026-04-24 10:41:54,068 | INFO | 
History saved to /scratch/wpl3a/isic2019/checkpoints/history.json
2026-04-24 10:43:03,784 | INFO | 
=== Benchmark: mobilenet_v3_small (focal, aug=standard) ===
2026-04-24 10:43:03,786 | INFO |   params_total: 1526056
2026-04-24 10:43:03,787 | INFO |   params_trainable: 1526056
2026-04-24 10:43:03,788 | INFO |   size_mb: 5.82
2026-04-24 10:43:03,788 | INFO |   inference_ms: 6.58
2026-04-24 10:43:03,789 | INFO |   gflops: None
2026-04-24 10:43:05,265 | INFO | Checkpoint artifact logged to W&B
2026-04-24 10:43:08,308 | INFO | W&B run finished.
2026-04-24 10:43:08,313 | INFO | History saved to /scratch/wpl3a/isic2019/checkpoints/history.json
2026-04-24 10:43:30,569 | INFO | Saved: all_runs_summary.csv
2026-04-24 10:43:30,878 | INFO | Saved metrics to: metrics_mbnt_noFreezeBB_focal.csv
2026-04-24 10:43:53,913 | INFO | Saved: all_runs_summary.csv
2026-04-24 10:43:53,914 | INFO |       run_id                                               name     state  \
16  1dl5ps9o  mobilenet_v3_small_weighted_ce_standard_pretra...  finished   
85  78ol5tlu  mobilenetv3_small_weighted_ce_standard_pretrai...  finished   
89  2q0buklz       mobilenetv3_small_ce_standard_pretrainedTrue  finished   
92  48odajc5    mobilenetv3_small_focal_standard_pretrainedTrue  finished   
86  4kxlyxk2  mobilenetv3_small_weighted_ce_standard_pretrai...  finished   

          architecture      loss_fn augmentation pretrained freeze_bb      lr  \
16  mobilenet_v3_small  weighted_ce     standard       True     False  0.0001   
85   mobilenetv3_small  weighted_ce     standard       True     False  0.0001   
89   mobilenetv3_small           ce     standard       True     False  0.0001   
92   mobilenetv3_small        focal     standard       True     False  0.0001   
86   mobilenetv3_small  weighted_ce     standard       True      True  0.0001   

    batch_size  best_bacc  best_acc  best_f1_macro  best_auc_macro  \
16        32.0   0.738802       NaN            NaN             NaN   
85         8.0   0.732075  0.756266       0.681286        0.951265   
89         8.0   0.687790  0.786461       0.680733        0.959458   
92         8.0   0.650493  0.409315       0.399912        0.894374   
86         8.0   0.548918  0.631932       0.441855        0.896018   

    best_precision  best_recall     params  inference_ms  
16             NaN          NaN  1526056.0          6.88  
85        0.648019     0.732075  1526056.0          6.75  
89        0.684023     0.687790  1526056.0          6.64  
92        0.397354     0.650493  1526056.0          6.58  
86        0.425505     0.548918  1526056.0          5.30  
2026-04-24 10:44:18,539 | INFO | Data loaded:
2026-04-24 10:44:18,540 | INFO |       run_id                                               name  \
5   7zi5n5tq  mobilenet_v3_small_weighted_ce_standard_pretra...   
8   v0ii2tcd  mobilenet_v3_small_weighted_ce_standard_pretra...   
16  1dl5ps9o  mobilenet_v3_small_weighted_ce_standard_pretra...   
29  nzuy2c16  mobilenet_v3_small_weighted_ce_standard_pretra...   
32  ian0rllh  mobilenet_v3_small_weighted_ce_standard_pretra...   

          architecture      loss_fn augmentation pretrained freeze_bb    lr  \
5   mobilenet_v3_small  weighted_ce     standard       True      None  None   
8   mobilenet_v3_small  weighted_ce     standard       True      None  None   
16  mobilenet_v3_small  weighted_ce     standard       True      None  None   
29  mobilenet_v3_small  weighted_ce     standard       True      None  None   
32  mobilenet_v3_small  weighted_ce     standard       True      None  None   

   batch_size  best_bacc  best_acc  best_f1_macro  best_auc_macro  \
5        None   0.413059       NaN            NaN             NaN   
8        None   0.329269       NaN            NaN             NaN   
16       None   0.738802       NaN            NaN             NaN   
29       None   0.391510       NaN            NaN             NaN   
32       None   0.277441       NaN            NaN             NaN   

    best_precision  best_recall     params  inference_ms  
5              NaN          NaN  1526056.0          6.13  
8              NaN          NaN  1526056.0          5.31  
16             NaN          NaN  1526056.0          6.88  
29             NaN          NaN  1526056.0          5.89  
32             NaN          NaN  1526056.0          5.43  
